[01:39:16] [INFO] 
[01:39:16] [INFO] ================================================================================
[01:39:16] [INFO]    Starting step_03_04_cobaya_mcmc
[01:39:16] [INFO] ================================================================================
[01:39:16] [INFO] 
[01:39:19] [SUCCESS] TEP-CLASS: TEP-CLASS v2.0 available
[01:39:19] [SUCCESS] Cobaya: Cobaya 3.6.2 available
[01:39:20] [SUCCESS] Pantheon+ data: 1701 SNe loaded
[01:39:20] [PROCESS] Running TEP sanity check...
[01:39:21] [SUCCESS] TEP sanity check passed: dL(eps=0)=9302.66, dL(eps=0.2)=10122.32
[01:39:22] [PROCESS] Running Cobaya MCMC (max_samples=500000)...
[output] Output to be read-from/written-into folder 'results/outputs', with prefix 'tep_cobaya_sne'
[output] Found existing info files with the requested output prefix: 'results/outputs/tep_cobaya_sne'
[output] Let's try to resume/load.
[output] Found an old sample. Resuming.
[prior] *WARNING* External prior 'SZ' loaded. Mind that it might not be normalized!
[classy] `classy` module loaded successfully from /Users/matthewsmawfield/www/Temporal Equivalence Principle/TEP-C0/external/class/build/lib.macosx-11.1-arm64-cpython-313/classy
[planck_2018_highl_plik.ttteee] `clipy` module loaded successfully from /Users/matthewsmawfield/www/Temporal Equivalence Principle/TEP-HC/data/external/cobaya_packages/code/planck/clipy/clipy
----
clipy_0.15
/Users/matthewsmawfield/www/Temporal Equivalence Principle/TEP-HC/data/external/cobaya_packages/code/planck/clipy/clipy/smica.py:311: RuntimeWarning: divide by zero encountered in matmul
  lkl = -.5 * delta.T @ (self.siginv @ delta)
/Users/matthewsmawfield/www/Temporal Equivalence Principle/TEP-HC/data/external/cobaya_packages/code/planck/clipy/clipy/smica.py:311: RuntimeWarning: overflow encountered in matmul
  lkl = -.5 * delta.T @ (self.siginv @ delta)
/Users/matthewsmawfield/www/Temporal Equivalence Principle/TEP-HC/data/external/cobaya_packages/code/planck/clipy/clipy/smica.py:311: RuntimeWarning: invalid value encountered in matmul
  lkl = -.5 * delta.T @ (self.siginv @ delta)
Checking likelihood '/Users/matthewsmawfield/www/Temporal Equivalence Principle/TEP-HC/data/external/cobaya_packages/data/planck_2018/baseline/plc_3.0/hi_l/plik/plik_rd12_HM_v22b_TTTEEE.clik' on test data. got -1172.47 expected -1172.47 (diff 4.00569e-06)
----
[mcmc] Resuming from previous sample!
[samplecollection] Loaded 120960 sample points from 'results/outputs/tep_cobaya_sne.1.txt'
[mcmc] Initial point: tep_epsilon_T:-0.0002795882, tep_z_T:7.75832, H0:67.38794, omega_b:0.02226467, omega_cdm:0.1197327, tau_reio:0.06487552, logA:3.063416, n_s:0.9682901, A_planck:1.001601, calib_100T:0.9995587, calib_217T:0.9981006, A_cib_217:47.61732, xi_sz_cib:0.7875477, A_sz:4.303391, ksz_norm:5.476285, gal545_A_100:11.03888, gal545_A_143:10.20635, gal545_A_143_217:13.38207, gal545_A_217:85.77499, ps_A_100_100:253.7671, ps_A_143_143:51.80022, ps_A_143_217:49.3595, ps_A_217_217:115.5859, galf_TE_A_100:0.1086144, galf_TE_A_100_143:0.09671959, galf_TE_A_100_217:0.5702831, galf_TE_A_143:0.1503527, galf_TE_A_143_217:0.7144071, galf_TE_A_217:2.485382
[mcmc] *WARNING* Parameter blocking manually/previously fixed: speeds will not be measured.
[mcmc] Oversampling with factors:
[mcmc] * 1 : ['tep_epsilon_T', 'tep_z_T', 'H0', 'omega_b', 'omega_cdm', 'tau_reio', 'logA', 'n_s']
[mcmc] * 5 : ['A_planck']
[mcmc] * 5 : ['calib_100T', 'calib_217T', 'A_cib_217', 'xi_sz_cib', 'A_sz', 'ksz_norm', 'gal545_A_100', 'gal545_A_143', 'gal545_A_143_217', 'gal545_A_217', 'ps_A_100_100', 'ps_A_143_143', 'ps_A_143_217', 'ps_A_217_217', 'galf_TE_A_100', 'galf_TE_A_100_143', 'galf_TE_A_100_217', 'galf_TE_A_143', 'galf_TE_A_143_217', 'galf_TE_A_217']
[mcmc] Covariance matrix from previous sample.
[mcmc] Sampling!
[mcmc] Sampling complete after 120960 accepted steps.
[01:39:41] [SUCCESS] Cobaya MCMC completed successfully
[01:39:41] [SUCCESS] Step step_03_04_cobaya_mcmc completed with status: completed
