[01:39:51] [INFO] 
[01:39:51] [INFO] ================================================================================
[01:39:51] [INFO]    Starting step_04_06_screening_fit
[01:39:51] [INFO] ================================================================================
[01:39:51] [INFO] 
[01:39:51] [INFO] Total data points: 45
[01:39:51] [INFO]   BAO: 10
[01:39:51] [INFO]   SZ:  20
[01:39:51] [INFO]   SGL: 15
[01:39:51] [INFO] Fitting TEP screening model...
[01:39:51] [SUCCESS] Fit successful
[01:39:51] [INFO]   χ² = 10.27
[01:39:51] [INFO]   ndof = 39
[01:39:51] [INFO]   χ²/ndof = 0.26
[01:39:51] [INFO] 
Best-fit parameters:
[01:39:51] [INFO]   BAO: η_0=1.295, β=-0.742
[01:39:51] [INFO]   SZ:  η_0=1.226, β=+0.181
[01:39:51] [INFO]   SGL: η_0=0.853, β=+1.930
[01:39:51] [INFO] 
Probe baseline differences:
[01:39:51] [INFO]   |η_0_BAO - η_0_SZ|  = 0.069
[01:39:51] [INFO]   |η_0_BAO - η_0_SGL| = 0.442
[01:39:51] [INFO]   |η_0_SZ  - η_0_SGL| = 0.373
[01:39:51] [INFO] 
Physical interpretation (data-driven):
[01:39:51] [INFO]   • BAO: η_0=1.295 (above unity), β=-0.742
[01:39:51] [INFO]   • SZ: η_0=1.226 (above unity), β=+0.181
[01:39:51] [INFO]   • SGL: η_0=0.853 (below unity), β=+1.930
[01:39:51] [SUCCESS] Step step_04_06_screening_fit completed
