[09:56:38] [INFO] 
[09:56:38] [INFO] ================================================================================
[09:56:38] [INFO]    Starting step_04_10_tep_native_ddr
[09:56:38] [INFO] ================================================================================
[09:56:38] [INFO] 
[09:56:38] [PROCESS] Computing TEP-native D_L at independent D_A redshifts
[09:56:38] [INFO]   z=0.295: D_A=960±120, D_L^TEP=1348, η=0.8373±0.1127 (-1.44σ)
[09:56:38] [WARNING]   z=0.654: D_A=1620±180, D_L^TEP=3165, η=0.7141±0.0870 (-3.29σ)
[09:56:38] [WARNING]   z=0.881: D_A=1780±200, D_L^TEP=4387, η=0.6966±0.0857 (-3.54σ)
[09:56:38] [WARNING]   z=0.745: D_A=1680±150, D_L^TEP=3649, η=0.7133±0.0730 (-3.93σ)
[09:56:38] [WARNING]   z=0.630: D_A=1560±140, D_L^TEP=3039, η=0.7332±0.0753 (-3.54σ)
[09:56:38] [INFO]   z=0.142: D_A=545±55, D_L^TEP=629, η=0.8851±0.0997 (-1.15σ)
[09:56:38] [INFO]   z=0.252: D_A=750±75, D_L^TEP=1142, η=0.9715±0.1086 (-0.26σ)
[09:56:38] [INFO]   z=0.451: D_A=1050±110, D_L^TEP=2118, η=0.9579±0.1112 (-0.38σ)
[09:56:38] [INFO]   z=0.546: D_A=1180±120, D_L^TEP=2602, η=0.9225±0.1045 (-0.74σ)
[09:56:38] [PROCESS] Global consistency test
[09:56:38] [INFO]   Weighted mean η = 0.7968 ± 0.0306
[09:56:38] [INFO]   Deviation from unity: -6.64σ
[09:56:38] [INFO]   χ²(η=1) = 55.48 / 9 dof = 6.16
[09:56:38] [SUCCESS] Results written to /Users/matthewsmawfield/www/Temporal Equivalence Principle/TEP-C0/results/step_04_10_tep_native_ddr.json
[09:56:38] [INFO] 
[09:56:38] [INFO] ================================================================================
[09:56:38] [INFO]    step_04_10_tep_native_ddr complete
[09:56:38] [INFO] ================================================================================
[09:56:38] [INFO] 
