[14:13:19] [INFO] 
[14:13:19] [INFO] ================================================================================
[14:13:19] [INFO]    Starting step_06_02_bao_likelihood
[14:13:19] [INFO] ================================================================================
[14:13:19] [INFO] 
[14:13:19] [SUCCESS] BAO Likelihood Module Initialized.
[14:13:24] [INFO] 
[14:13:24] [INFO] ================================================================================
[14:13:24] [INFO]    Starting step_07_06_weak_lensing
[14:13:24] [INFO] ================================================================================
[14:13:24] [INFO] 
[14:13:24] [SUCCESS] TEP Weak Lensing Execution Module Initialized.
[01:13:10] [INFO] 
[01:13:10] [INFO] ================================================================================
[01:13:10] [INFO]    Starting step_06_02_bao_likelihood
[01:13:10] [INFO] ================================================================================
[01:13:10] [INFO] 
[01:13:10] [SUCCESS] BAO Likelihood Module Initialized.
[01:13:14] [INFO] 
[01:13:14] [INFO] ================================================================================
[01:13:14] [INFO]    Starting step_07_06_weak_lensing
[01:13:14] [INFO] ================================================================================
[01:13:14] [INFO] 
[01:13:14] [SUCCESS] TEP Weak Lensing Execution Module Initialized.
[06:39:07] [INFO] 
[06:39:07] [INFO] ================================================================================
[06:39:07] [INFO]    Starting step_06_02_bao_likelihood
[06:39:07] [INFO] ================================================================================
[06:39:07] [INFO] 
[06:39:07] [SUCCESS] BAO Likelihood Module Initialized.
[06:39:13] [INFO] 
[06:39:13] [INFO] ================================================================================
[06:39:13] [INFO]    Starting step_07_06_weak_lensing
[06:39:13] [INFO] ================================================================================
[06:39:13] [INFO] 
[06:39:13] [SUCCESS] TEP Weak Lensing Execution Module Initialized.
[01:40:08] [INFO] 
[01:40:08] [INFO] ================================================================================
[01:40:08] [INFO]    Starting step_06_02_bao_likelihood
[01:40:08] [INFO] ================================================================================
[01:40:08] [INFO] 
[01:40:08] [SUCCESS] BAO Likelihood Module Initialized.
[01:40:16] [INFO] 
[01:40:16] [INFO] ================================================================================
[01:40:16] [INFO]    Starting step_07_06_weak_lensing
[01:40:16] [INFO] ================================================================================
[01:40:16] [INFO] 
[01:40:16] [SUCCESS] TEP Weak Lensing Execution Module Initialized.
